==========================================================
sample: 123 nanoseconds; num_iter: 1000
Estimated time: 0 nanoseconds (based on 1000 measured calls)
Best time:      0 nanoseconds
Worst time:     0 nanoseconds
Estimated time: 0 µs (based on 1000 measured calls)
Best time:      0 µs
Worst time:     0 µs
Estimated time: 0 ms (based on 1000 measured calls)
Best time:      0 ms
Worst time:     0 ms
Estimated time: 0 seconds (based on 1000 measured calls)
Best time:      0 seconds
Worst time:     0 seconds
Estimated time: 0 min (based on 1000 measured calls)
Best time:      0 min
Worst time:     0 min
Estimated time: 0 µs (based on 1000 measured calls)
Best time:      0 µs
Worst time:     0 µs
Estimated time: 0 ms (based on 1000 measured calls)
Best time:      0 ms
Worst time:     0 ms
Estimated time: 0 s (based on 1000 measured calls)
Best time:      0 s
Worst time:     0 s
Estimated time: 0 min (based on 1000 measured calls)
Best time:      0 min
Worst time:     0 min
Estimated time: 0 ns (based on 1000 measured calls)
Best time:      0 ns
Worst time:     0 ns
Estimated time: 0 ns (+/-0 ns based on 7000 measured calls)
Best time:      0 ns (-4.92%)
Worst time:     0 ns (+7.38%)
Estimated performance: 8.197e+06 calls/ms (+/-1.216e+07 calls/ms based on 7000 measured calls)
Best time:      8.621e+06 calls/ms (+5.172%)
Worst time:     7.634e+06 calls/ms (-6.87%)
Estimated performance: 8 calls/nanoseconds (+/-11 calls/nanoseconds based on 7000 measured calls)
Best time:      8 calls/nanoseconds (+0%)
Worst time:     7 calls/nanoseconds (-12.5%)
==========================================================
sample: 123 ns; num_iter: 10
Estimated time: 12 ns (based on 10 measured calls)
Best time:      12 ns
Worst time:     12 ns
Estimated time: 0 µs (based on 10 measured calls)
Best time:      0 µs
Worst time:     0 µs
Estimated time: 0 ms (based on 10 measured calls)
Best time:      0 ms
Worst time:     0 ms
Estimated time: 0 seconds (based on 10 measured calls)
Best time:      0 seconds
Worst time:     0 seconds
Estimated time: 0 min (based on 10 measured calls)
Best time:      0 min
Worst time:     0 min
Estimated time: 0 µs (based on 10 measured calls)
Best time:      0 µs
Worst time:     0 µs
Estimated time: 0 ms (based on 10 measured calls)
Best time:      0 ms
Worst time:     0 ms
Estimated time: 0 s (based on 10 measured calls)
Best time:      0 s
Worst time:     0 s
Estimated time: 0 min (based on 10 measured calls)
Best time:      0 min
Worst time:     0 min
Estimated time: 12 ns (based on 10 measured calls)
Best time:      12 ns
Worst time:     12 ns
Estimated time: 12 ns (+/-1 ns based on 70 measured calls)
Best time:      11 ns (-4.92%)
Worst time:     13 ns (+7.38%)
Estimated performance: 8.197e+04 calls/ms (+/-1.209e+04 calls/ms based on 70 measured calls)
Best time:      8.621e+04 calls/ms (+5.172%)
Worst time:     7.634e+04 calls/ms (-6.87%)
Estimated performance: 81 calls/microseconds (+/-11 calls/microseconds based on 70 measured calls)
Best time:      86 calls/microseconds (+6.17284%)
Worst time:     76 calls/microseconds (-6.17284%)
==========================================================
sample: 123 ns; num_iter: 1
Estimated time: 123 ns (based on 1 measured call)
Best time:      123 ns
Worst time:     123 ns
Estimated time: 0 µs (based on 1 measured call)
Best time:      0 µs
Worst time:     0 µs
Estimated time: 0 ms (based on 1 measured call)
Best time:      0 ms
Worst time:     0 ms
Estimated time: 0 seconds (based on 1 measured call)
Best time:      0 seconds
Worst time:     0 seconds
Estimated time: 0 min (based on 1 measured call)
Best time:      0 min
Worst time:     0 min
Estimated time: 0 µs (based on 1 measured call)
Best time:      0 µs
Worst time:     0 µs
Estimated time: 0 ms (based on 1 measured call)
Best time:      0 ms
Worst time:     0 ms
Estimated time: 0 s (based on 1 measured call)
Best time:      0 s
Worst time:     0 s
Estimated time: 0 min (based on 1 measured call)
Best time:      0 min
Worst time:     0 min
Estimated time: 123 ns (based on 1 measured call)
Best time:      123 ns
Worst time:     123 ns
Estimated time: 122 ns (+/-5 ns based on 7 measured calls)
Best time:      116 ns (-4.92%)
Worst time:     131 ns (+7.38%)
Estimated performance: 8197 calls/ms (+/-335.9 calls/ms based on 7 measured calls)
Best time:      8621 calls/ms (+5.172%)
Worst time:     7634 calls/ms (-6.87%)
Estimated performance: 8 calls/microseconds (based on 7 measured calls)
Best time:      8 calls/microseconds (+0%)
Worst time:     7 calls/microseconds (-12.5%)
==========================================================
sample: 84607 ns; num_iter: 1000
Estimated time: 84 ns (based on 1000 measured calls)
Best time:      84 ns
Worst time:     84 ns
Estimated time: 0 µs (based on 1000 measured calls)
Best time:      0 µs
Worst time:     0 µs
Estimated time: 0 ms (based on 1000 measured calls)
Best time:      0 ms
Worst time:     0 ms
Estimated time: 0 seconds (based on 1000 measured calls)
Best time:      0 seconds
Worst time:     0 seconds
Estimated time: 0 min (based on 1000 measured calls)
Best time:      0 min
Worst time:     0 min
Estimated time: 0 µs (based on 1000 measured calls)
Best time:      0 µs
Worst time:     0 µs
Estimated time: 0 ms (based on 1000 measured calls)
Best time:      0 ms
Worst time:     0 ms
Estimated time: 0 s (based on 1000 measured calls)
Best time:      0 s
Worst time:     0 s
Estimated time: 0 min (based on 1000 measured calls)
Best time:      0 min
Worst time:     0 min
Estimated time: 84 ns (based on 1000 measured calls)
Best time:      84 ns
Worst time:     84 ns
Estimated time: 84 ns (+/-124 ns based on 7000 measured calls)
Best time:      80 ns (-4.8%)
Worst time:     90 ns (+7.23%)
Estimated performance: 1.184e+04 calls/ms (+/-1.753e+04 calls/ms based on 7000 measured calls)
Best time:      1.244e+04 calls/ms (+5.038%)
Worst time:     1.105e+04 calls/ms (-6.743%)
Estimated performance: 11 calls/microseconds (+/-16 calls/microseconds based on 7000 measured calls)
Best time:      12 calls/microseconds (+9.09091%)
Worst time:     11 calls/microseconds (0%)
==========================================================
sample: 84607 ns; num_iter: 10
Estimated time: 8460 ns (based on 10 measured calls)
Best time:      8460 ns
Worst time:     8460 ns
Estimated time: 8 µs (based on 10 measured calls)
Best time:      8 µs
Worst time:     8 µs
Estimated time: 0 ms (based on 10 measured calls)
Best time:      0 ms
Worst time:     0 ms
Estimated time: 0 seconds (based on 10 measured calls)
Best time:      0 seconds
Worst time:     0 seconds
Estimated time: 0 min (based on 10 measured calls)
Best time:      0 min
Worst time:     0 min
Estimated time: 8 µs (based on 10 measured calls)
Best time:      8 µs
Worst time:     8 µs
Estimated time: 0 ms (based on 10 measured calls)
Best time:      0 ms
Worst time:     0 ms
Estimated time: 0 s (based on 10 measured calls)
Best time:      0 s
Worst time:     0 s
Estimated time: 0 min (based on 10 measured calls)
Best time:      0 min
Worst time:     0 min
Estimated time: 8 µs (based on 10 measured calls)
Best time:      8 µs
Worst time:     8 µs
Estimated time: 8 µs (+/-1 µs based on 70 measured calls)
Best time:      8 µs (-4.8%)
Worst time:     9 µs (+7.23%)
Estimated performance: 118.4 calls/ms (+/-17.53 calls/ms based on 70 measured calls)
Best time:      124.4 calls/ms (+5.038%)
Worst time:     110.5 calls/ms (-6.743%)
Estimated performance: 118 calls/milliseconds (+/-17 calls/milliseconds based on 70 measured calls)
Best time:      124 calls/milliseconds (+5.08475%)
Worst time:     110 calls/milliseconds (-6.77966%)
==========================================================
sample: 84607 ns; num_iter: 1
Estimated time: 84607 ns (based on 1 measured call)
Best time:      84607 ns
Worst time:     84607 ns
Estimated time: 84 µs (based on 1 measured call)
Best time:      84 µs
Worst time:     84 µs
Estimated time: 0 ms (based on 1 measured call)
Best time:      0 ms
Worst time:     0 ms
Estimated time: 0 seconds (based on 1 measured call)
Best time:      0 seconds
Worst time:     0 seconds
Estimated time: 0 min (based on 1 measured call)
Best time:      0 min
Worst time:     0 min
Estimated time: 84 µs (based on 1 measured call)
Best time:      84 µs
Worst time:     84 µs
Estimated time: 0 ms (based on 1 measured call)
Best time:      0 ms
Worst time:     0 ms
Estimated time: 0 s (based on 1 measured call)
Best time:      0 s
Worst time:     0 s
Estimated time: 0 min (based on 1 measured call)
Best time:      0 min
Worst time:     0 min
Estimated time: 84 µs (based on 1 measured call)
Best time:      84 µs
Worst time:     84 µs
Estimated time: 84 µs (+/-3 µs based on 7 measured calls)
Best time:      80 µs (-4.8%)
Worst time:     90 µs (+7.23%)
Estimated performance: 11.84 calls/ms (+/-0.5545 calls/ms based on 7 measured calls)
Best time:      12.44 calls/ms (+5.038%)
Worst time:     11.05 calls/ms (-6.743%)
Estimated performance: 11 calls/milliseconds (based on 7 measured calls)
Best time:      12 calls/milliseconds (+9.09091%)
Worst time:     11 calls/milliseconds (0%)
==========================================================
sample: 2359011 ns; num_iter: 1000
Estimated time: 2359 ns (based on 1000 measured calls)
Best time:      2359 ns
Worst time:     2359 ns
Estimated time: 2 µs (based on 1000 measured calls)
Best time:      2 µs
Worst time:     2 µs
Estimated time: 0 ms (based on 1000 measured calls)
Best time:      0 ms
Worst time:     0 ms
Estimated time: 0 seconds (based on 1000 measured calls)
Best time:      0 seconds
Worst time:     0 seconds
Estimated time: 0 min (based on 1000 measured calls)
Best time:      0 min
Worst time:     0 min
Estimated time: 2 µs (based on 1000 measured calls)
Best time:      2 µs
Worst time:     2 µs
Estimated time: 0 ms (based on 1000 measured calls)
Best time:      0 ms
Worst time:     0 ms
Estimated time: 0 s (based on 1000 measured calls)
Best time:      0 s
Worst time:     0 s
Estimated time: 0 min (based on 1000 measured calls)
Best time:      0 min
Worst time:     0 min
Estimated time: 2 µs (based on 1000 measured calls)
Best time:      2 µs
Worst time:     2 µs
Estimated time: 2 µs (+/-3 µs based on 7000 measured calls)
Best time:      2 µs (-4.8%)
Worst time:     2 µs (+7.23%)
Estimated performance: 424.8 calls/ms (+/-628.9 calls/ms based on 7000 measured calls)
Best time:      446.2 calls/ms (+5.038%)
Worst time:     396.2 calls/ms (-6.742%)
Estimated performance: 424 calls/milliseconds (+/-627 calls/milliseconds based on 7000 measured calls)
Best time:      446 calls/milliseconds (+5.18868%)
Worst time:     396 calls/milliseconds (-6.60377%)
==========================================================
sample: 2359011 ns; num_iter: 10
Estimated time: 235901 ns (based on 10 measured calls)
Best time:      235901 ns
Worst time:     235901 ns
Estimated time: 235 µs (based on 10 measured calls)
Best time:      235 µs
Worst time:     235 µs
Estimated time: 0 ms (based on 10 measured calls)
Best time:      0 ms
Worst time:     0 ms
Estimated time: 0 seconds (based on 10 measured calls)
Best time:      0 seconds
Worst time:     0 seconds
Estimated time: 0 min (based on 10 measured calls)
Best time:      0 min
Worst time:     0 min
Estimated time: 235 µs (based on 10 measured calls)
Best time:      235 µs
Worst time:     235 µs
Estimated time: 0 ms (based on 10 measured calls)
Best time:      0 ms
Worst time:     0 ms
Estimated time: 0 s (based on 10 measured calls)
Best time:      0 s
Worst time:     0 s
Estimated time: 0 min (based on 10 measured calls)
Best time:      0 min
Worst time:     0 min
Estimated time: 235 µs (based on 10 measured calls)
Best time:      235 µs
Worst time:     235 µs
Estimated time: 235 µs (+/-34 µs based on 70 measured calls)
Best time:      224 µs (-4.8%)
Worst time:     252 µs (+7.23%)
Estimated performance: 4.248 calls/ms (+/-0.6289 calls/ms based on 70 measured calls)
Best time:      4.462 calls/ms (+5.038%)
Worst time:     3.962 calls/ms (-6.742%)
Estimated performance: 4 calls/milliseconds (based on 70 measured calls)
Best time:      4 calls/milliseconds (+0%)
Worst time:     3 calls/milliseconds (-25%)
==========================================================
sample: 2359011 ns; num_iter: 1
Estimated time: 2359011 ns (based on 1 measured call)
Best time:      2359011 ns
Worst time:     2359011 ns
Estimated time: 2359 µs (based on 1 measured call)
Best time:      2359 µs
Worst time:     2359 µs
Estimated time: 2 ms (based on 1 measured call)
Best time:      2 ms
Worst time:     2 ms
Estimated time: 0 seconds (based on 1 measured call)
Best time:      0 seconds
Worst time:     0 seconds
Estimated time: 0 min (based on 1 measured call)
Best time:      0 min
Worst time:     0 min
Estimated time: 2359 µs (based on 1 measured call)
Best time:      2359 µs
Worst time:     2359 µs
Estimated time: 2 ms (based on 1 measured call)
Best time:      2 ms
Worst time:     2 ms
Estimated time: 0 s (based on 1 measured call)
Best time:      0 s
Worst time:     0 s
Estimated time: 0 min (based on 1 measured call)
Best time:      0 min
Worst time:     0 min
Estimated time: 2 ms (based on 1 measured call)
Best time:      2 ms
Worst time:     2 ms
Estimated time: 2 ms (+/-0 ms based on 7 measured calls)
Best time:      2 ms (-4.8%)
Worst time:     2 ms (+7.23%)
Estimated performance: 0.4248 calls/ms (+/-0.01989 calls/ms based on 7 measured calls)
Best time:      0.4462 calls/ms (+5.038%)
Worst time:     0.3962 calls/ms (-6.742%)
Estimated performance: 424 calls/seconds (+/-19 calls/seconds based on 7 measured calls)
Best time:      446 calls/seconds (+5.18868%)
Worst time:     396 calls/seconds (-6.60377%)
==========================================================
sample: 346234678 ns; num_iter: 1000
Estimated time: 346234 ns (based on 1000 measured calls)
Best time:      346234 ns
Worst time:     346234 ns
Estimated time: 346 µs (based on 1000 measured calls)
Best time:      346 µs
Worst time:     346 µs
Estimated time: 0 ms (based on 1000 measured calls)
Best time:      0 ms
Worst time:     0 ms
Estimated time: 0 seconds (based on 1000 measured calls)
Best time:      0 seconds
Worst time:     0 seconds
Estimated time: 0 min (based on 1000 measured calls)
Best time:      0 min
Worst time:     0 min
Estimated time: 346 µs (based on 1000 measured calls)
Best time:      346 µs
Worst time:     346 µs
Estimated time: 0 ms (based on 1000 measured calls)
Best time:      0 ms
Worst time:     0 ms
Estimated time: 0 s (based on 1000 measured calls)
Best time:      0 s
Worst time:     0 s
Estimated time: 0 min (based on 1000 measured calls)
Best time:      0 min
Worst time:     0 min
Estimated time: 346 µs (based on 1000 measured calls)
Best time:      346 µs
Worst time:     346 µs
Estimated time: 345 µs (+/-511 µs based on 7000 measured calls)
Best time:      328 µs (-4.8%)
Worst time:     370 µs (+7.23%)
Estimated performance: 2.894 calls/ms (+/-4.285 calls/ms based on 7000 measured calls)
Best time:      3.04 calls/ms (+5.038%)
Worst time:     2.699 calls/ms (-6.742%)
Estimated performance: 2 calls/milliseconds (+/-2 calls/milliseconds based on 7000 measured calls)
Best time:      3 calls/milliseconds (+50%)
Worst time:     2 calls/milliseconds (0%)
==========================================================
sample: 346234678 ns; num_iter: 10
Estimated time: 34623467 ns (based on 10 measured calls)
Best time:      34623467 ns
Worst time:     34623467 ns
Estimated time: 34623 µs (based on 10 measured calls)
Best time:      34623 µs
Worst time:     34623 µs
Estimated time: 34 ms (based on 10 measured calls)
Best time:      34 ms
Worst time:     34 ms
Estimated time: 0 seconds (based on 10 measured calls)
Best time:      0 seconds
Worst time:     0 seconds
Estimated time: 0 min (based on 10 measured calls)
Best time:      0 min
Worst time:     0 min
Estimated time: 34623 µs (based on 10 measured calls)
Best time:      34623 µs
Worst time:     34623 µs
Estimated time: 34 ms (based on 10 measured calls)
Best time:      34 ms
Worst time:     34 ms
Estimated time: 0 s (based on 10 measured calls)
Best time:      0 s
Worst time:     0 s
Estimated time: 0 min (based on 10 measured calls)
Best time:      0 min
Worst time:     0 min
Estimated time: 34 ms (based on 10 measured calls)
Best time:      34 ms
Worst time:     34 ms
Estimated time: 34 ms (+/-5 ms based on 70 measured calls)
Best time:      32 ms (-4.8%)
Worst time:     37 ms (+7.23%)
Estimated performance: 0.02894 calls/ms (+/-0.004285 calls/ms based on 70 measured calls)
Best time:      0.0304 calls/ms (+5.038%)
Worst time:     0.02699 calls/ms (-6.742%)
Estimated performance: 28 calls/seconds (+/-4 calls/seconds based on 70 measured calls)
Best time:      30 calls/seconds (+7.14286%)
Worst time:     26 calls/seconds (-7.14286%)
==========================================================
sample: 346234678 ns; num_iter: 1
Estimated time: 346234678 ns (based on 1 measured call)
Best time:      346234678 ns
Worst time:     346234678 ns
Estimated time: 346234 µs (based on 1 measured call)
Best time:      346234 µs
Worst time:     346234 µs
Estimated time: 346 ms (based on 1 measured call)
Best time:      346 ms
Worst time:     346 ms
Estimated time: 0 seconds (based on 1 measured call)
Best time:      0 seconds
Worst time:     0 seconds
Estimated time: 0 min (based on 1 measured call)
Best time:      0 min
Worst time:     0 min
Estimated time: 346234 µs (based on 1 measured call)
Best time:      346234 µs
Worst time:     346234 µs
Estimated time: 346 ms (based on 1 measured call)
Best time:      346 ms
Worst time:     346 ms
Estimated time: 0 s (based on 1 measured call)
Best time:      0 s
Worst time:     0 s
Estimated time: 0 min (based on 1 measured call)
Best time:      0 min
Worst time:     0 min
Estimated time: 346 ms (based on 1 measured call)
Best time:      346 ms
Worst time:     346 ms
Estimated time: 345 ms (+/-16 ms based on 7 measured calls)
Best time:      328 ms (-4.8%)
Worst time:     370 ms (+7.23%)
Estimated performance: 0.002894 calls/ms (+/-0.0001355 calls/ms based on 7 measured calls)
Best time:      0.00304 calls/ms (+5.038%)
Worst time:     0.002699 calls/ms (-6.742%)
Estimated performance: 2 calls/seconds (based on 7 measured calls)
Best time:      3 calls/seconds (+50%)
Worst time:     2 calls/seconds (0%)
==========================================================
sample: 400933842101 ns; num_iter: 1000
Estimated time: 400933842 ns (based on 1000 measured calls)
Best time:      400933842 ns
Worst time:     400933842 ns
Estimated time: 400933 µs (based on 1000 measured calls)
Best time:      400933 µs
Worst time:     400933 µs
Estimated time: 400 ms (based on 1000 measured calls)
Best time:      400 ms
Worst time:     400 ms
Estimated time: 0 seconds (based on 1000 measured calls)
Best time:      0 seconds
Worst time:     0 seconds
Estimated time: 0 min (based on 1000 measured calls)
Best time:      0 min
Worst time:     0 min
Estimated time: 400933 µs (based on 1000 measured calls)
Best time:      400933 µs
Worst time:     400933 µs
Estimated time: 400 ms (based on 1000 measured calls)
Best time:      400 ms
Worst time:     400 ms
Estimated time: 0 s (based on 1000 measured calls)
Best time:      0 s
Worst time:     0 s
Estimated time: 0 min (based on 1000 measured calls)
Best time:      0 min
Worst time:     0 min
Estimated time: 400 ms (based on 1000 measured calls)
Best time:      400 ms
Worst time:     400 ms
Estimated time: 400 ms (+/-592 ms based on 7000 measured calls)
Best time:      380 ms (-4.8%)
Worst time:     428 ms (+7.23%)
Estimated performance: 0.0025 calls/ms (+/-0.0037 calls/ms based on 7000 measured calls)
Best time:      0.002625 calls/ms (+5.038%)
Worst time:     0.002331 calls/ms (-6.742%)
Estimated performance: 2 calls/seconds (+/-2 calls/seconds based on 7000 measured calls)
Best time:      2 calls/seconds (+0%)
Worst time:     2 calls/seconds (0%)
==========================================================
sample: 400933842101 ns; num_iter: 10
Estimated time: 40093384210 ns (based on 10 measured calls)
Best time:      40093384210 ns
Worst time:     40093384210 ns
Estimated time: 40093384 µs (based on 10 measured calls)
Best time:      40093384 µs
Worst time:     40093384 µs
Estimated time: 40093 ms (based on 10 measured calls)
Best time:      40093 ms
Worst time:     40093 ms
Estimated time: 40 seconds (based on 10 measured calls)
Best time:      40 seconds
Worst time:     40 seconds
Estimated time: 0 min (based on 10 measured calls)
Best time:      0 min
Worst time:     0 min
Estimated time: 40093384 µs (based on 10 measured calls)
Best time:      40093384 µs
Worst time:     40093384 µs
Estimated time: 40093 ms (based on 10 measured calls)
Best time:      40093 ms
Worst time:     40093 ms
Estimated time: 40 s (based on 10 measured calls)
Best time:      40 s
Worst time:     40 s
Estimated time: 0 min (based on 10 measured calls)
Best time:      0 min
Worst time:     0 min
Estimated time: 40 s (based on 10 measured calls)
Best time:      40 s
Worst time:     40 s
Estimated time: 40 s (+/-5 s based on 70 measured calls)
Best time:      38 s (-4.8%)
Worst time:     42 s (+7.23%)
Estimated performance: 2.5e-05 calls/ms (+/-3.7e-06 calls/ms based on 70 measured calls)
Best time:      2.625e-05 calls/ms (+5.038%)
Worst time:     2.331e-05 calls/ms (-6.742%)
Estimated performance: 1 calls/minutes (based on 70 measured calls)
Best time:      1 calls/minutes (+0%)
Worst time:     1 calls/minutes (0%)
==========================================================
sample: 400933842101 ns; num_iter: 1
Estimated time: 400933842101 ns (based on 1 measured call)
Best time:      400933842101 ns
Worst time:     400933842101 ns
Estimated time: 400933842 µs (based on 1 measured call)
Best time:      400933842 µs
Worst time:     400933842 µs
Estimated time: 400933 ms (based on 1 measured call)
Best time:      400933 ms
Worst time:     400933 ms
Estimated time: 400 seconds (based on 1 measured call)
Best time:      400 seconds
Worst time:     400 seconds
Estimated time: 6 min (based on 1 measured call)
Best time:      6 min
Worst time:     6 min
Estimated time: 400933842 µs (based on 1 measured call)
Best time:      400933842 µs
Worst time:     400933842 µs
Estimated time: 400933 ms (based on 1 measured call)
Best time:      400933 ms
Worst time:     400933 ms
Estimated time: 400 s (based on 1 measured call)
Best time:      400 s
Worst time:     400 s
Estimated time: 6 min (based on 1 measured call)
Best time:      6 min
Worst time:     6 min
Estimated time: 400 s (based on 1 measured call)
Best time:      400 s
Worst time:     400 s
Estimated time: 400 s (+/-18 s based on 7 measured calls)
Best time:      380 s (-4.8%)
Worst time:     428 s (+7.23%)
Estimated performance: 2.5e-06 calls/ms (+/-1.17e-07 calls/ms based on 7 measured calls)
Best time:      2.625e-06 calls/ms (+5.038%)
Worst time:     2.331e-06 calls/ms (-6.742%)
Estimated performance: 0.149972 calls/minutes (+/-0.00702075 calls/minutes based on 7 measured calls)
Best time:      0.157527 calls/minutes (+5.03759%)
Worst time:     0.13986 calls/minutes (-6.74232%)
